<?xml version="1.0" encoding="UTF-8"?>
<testsuites name="Mocha Tests" time="26.278" tests="2" failures="0">
  <testsuite name="Root Suite" timestamp="2024-08-26T15:14:15" tests="0" file="cypress\e2e\testCase1.cy.js" time="0.000" failures="0">
  </testsuite>
  <testsuite name="template spec" timestamp="2024-08-26T15:14:15" tests="2" time="26.267" failures="0">
    <testcase name="template spec reduces item cost by 15% when a coupon code is applied" time="6.932" classname="reduces item cost by 15% when a coupon code is applied">
    </testcase>
    <testcase name="template spec Stores an order number" time="11.791" classname="Stores an order number">
    </testcase>
  </testsuite>
</testsuites>